// Jest Snapshot v1, https://goo.gl/fbAQLP

exports[`<Controls /> matches snapshot 1`] = `
<div
  className="controls panel"
  data-testid="controls"
>
  <button
    className="toggle-btn"
    data-testid="controlsButton1"
    disabled={true}
  >
    Lock Gate
  </button>
  <button
    className="toggle-btn"
    data-testid="controlsButton2"
  >
    Close Gate
  </button>
</div>
`;
